Starting Integration Test...
Testing AIService...
Generating content using gpt for prompt: A portfolio for a photographer
AI Output received: Generated Brand
Testing WebsiteBuilderService...
Structure generated: Generated Brand
Testing Regeneration Logic...
Regenerating section with prompt: Make it punchier
Regeneration success: AI Magic
Testing BillingService Logic (mocked DB)...
Services Logic Verified.
